[2026-10-01T12:10:38.279674000Z WARN  cargo_build_sbf] Package 'spl-stake-pool' has two crate types defined: cdylib and lib. This setting precludes link-time optimizations (LTO). Use cdylib for programs to be deployed and rlib for packages to be imported by other programs as libraries.
   Compiling proc-macro2 v1.0.106
   Compiling unicode-ident v1.0.14
   Compiling quote v1.0.45
   Compiling hashbrown v0.16.1
   Compiling equivalent v1.0.1
   Compiling toml_datetime v0.6.8
   Compiling winnow v0.6.20
   Compiling cfg_aliases v0.2.1
   Compiling once_cell v1.20.2
   Compiling serde_core v1.0.228
   Compiling serde v1.0.228
   Compiling five8_core v0.1.1
   Compiling solana-sanitize v3.0.1
   Compiling solana-atomic-u64 v3.0.0
   Compiling solana-define-syscall v4.0.1
   Compiling borsh v1.6.1
   Compiling solana-define-syscall v5.0.0
   Compiling sha2-const-stable v0.1.0
   Compiling five8 v1.0.0
   Compiling five8_const v1.0.0
   Compiling libm v0.2.16
   Compiling autocfg v1.4.0
   Compiling version_check v0.9.5
   Compiling typenum v1.17.0
   Compiling thiserror v2.0.18
   Compiling libc v0.2.181
   Compiling solana-program-memory v3.1.0
   Compiling thiserror v1.0.69
   Compiling rustversion v1.0.18
   Compiling generic-array v0.14.7
   Compiling indexmap v2.13.0
   Compiling num-traits v0.2.19
   Compiling bs58 v0.5.1
   Compiling cfg-if v1.0.4
   Compiling feature-probe v0.1.1
   Compiling base64 v0.22.1
   Compiling toml_edit v0.22.22
   Compiling bv v0.11.1
   Compiling solana-msg v3.1.0
   Compiling subtle v2.6.1
   Compiling log v0.4.29
   Compiling solana-define-syscall v3.0.0
   Compiling lazy_static v1.5.0
   Compiling solana-program-option v3.1.0
   Compiling arrayref v0.3.9
   Compiling solana-security-txt v1.1.3
   Compiling proc-macro-crate v3.2.0
   Compiling syn v2.0.117
   Compiling cpufeatures v0.2.16
   Compiling block-buffer v0.10.4
   Compiling crypto-common v0.1.6
   Compiling digest v0.10.7
   Compiling sha2 v0.10.8
   Compiling bytemuck_derive v1.10.2
   Compiling borsh-derive v1.6.1
   Compiling serde_derive v1.0.228
   Compiling thiserror-impl v2.0.18
   Compiling num-derive v0.4.2
   Compiling thiserror-impl v1.0.69
   Compiling solana-sdk-macro v3.0.1
   Compiling num_enum_derive v0.7.6
   Compiling num_enum v0.7.6
   Compiling bytemuck v1.25.0
   Compiling spl-discriminator-syn v0.2.0
   Compiling spl-discriminator-derive v0.2.0
   Compiling solana-curve25519 v3.1.8
   Compiling solana-program-error v3.0.1
   Compiling solana-nullable v1.1.1
   Compiling solana-zero-copy v1.0.1
   Compiling solana-borsh v3.0.2
   Compiling solana-instruction-error v2.2.0
   Compiling solana-program-pack v3.1.0
   Compiling solana-zk-sdk-pod v0.1.2
   Compiling solana-hash v4.3.0
   Compiling bincode v1.3.3
   Compiling solana-fee-calculator v3.1.0
   Compiling solana-sha256-hasher v3.1.0
   Compiling solana-hash v3.1.0
   Compiling solana-address v2.6.0
   Compiling spl-discriminator v0.5.2
   Compiling solana-sdk-ids v3.1.0
   Compiling solana-pubkey v4.2.0
   Compiling solana-address v1.1.0
   Compiling solana-account-info v3.1.1
   Compiling solana-pubkey v3.0.0
   Compiling solana-instruction v3.4.0
   Compiling solana-serialize-utils v3.1.0
   Compiling solana-sysvar-id v3.1.0
   Compiling solana-program-entrypoint v3.1.1
   Compiling solana-epoch-rewards v3.0.2
   Compiling solana-epoch-schedule v3.0.0
   Compiling solana-clock v3.1.0
   Compiling solana-slot-hashes v3.0.0
   Compiling solana-rent v4.2.0
   Compiling solana-last-restart-slot v3.0.0
   Compiling solana-zk-elgamal-proof-interface v0.1.3
   Compiling solana-instructions-sysvar v3.0.0
   Compiling solana-stable-layout v3.0.0
   Compiling solana-system-interface v3.2.0
   Compiling solana-zk-sdk v4.0.0
   Compiling solana-cpi v3.1.0
   Compiling solana-slot-history v3.0.0
   Compiling spl-type-length-value v0.9.1
   Compiling spl-token-group-interface v0.7.2
   Compiling solana-sysvar v4.0.0
   Compiling solana-stake-interface v4.2.0
   Compiling spl-token-metadata-interface v1.0.0
   Compiling spl-token-confidential-transfer-proof-extraction v0.6.0
   Compiling spl-token-2022-interface v3.0.1
   Compiling spl-pod v0.7.3
   Compiling spl-stake-pool v2.1.1 (/private/tmp/eplyx-step13a-upstream/source/program)
warning: unexpected `cfg` condition value: `custom-heap`
  --> program/src/entrypoint.rs:14:1
   |
14 | solana_program_entrypoint::entrypoint!(process_instruction);
   | ^^^^^^^^^^^^^^^^^^^^^^^^^^^^^^^^^^^^^^^^^^^^^^^^^^^^^^^^^^^
   |
   = note: expected values for `feature` are: `frozen-abi` and `no-entrypoint`
   = note: using a cfg inside a macro will use the cfgs from the destination crate and not the ones from the defining crate
   = help: try referring to `$crate::custom_heap_default` crate for guidance on how handle this unexpected cfg
   = help: the macro `$crate::custom_heap_default` may come from an old version of the `solana_program_entrypoint` crate, try updating your dependency with `cargo update -p solana_program_entrypoint`
   = note: see <https://doc.rust-lang.org/nightly/rustc/check-cfg/cargo-specifics.html> for more information about checking conditional configuration
   = note: requested on the command line with `-W unexpected-cfgs`
   = note: this warning originates in the macro `$crate::custom_heap_default` which comes from the expansion of the macro `solana_program_entrypoint::entrypoint` (in Nightly builds, run with -Z macro-backtrace for more info)

warning: unexpected `cfg` condition value: `custom-panic`
  --> program/src/entrypoint.rs:14:1
   |
14 | solana_program_entrypoint::entrypoint!(process_instruction);
   | ^^^^^^^^^^^^^^^^^^^^^^^^^^^^^^^^^^^^^^^^^^^^^^^^^^^^^^^^^^^
   |
   = note: expected values for `feature` are: `frozen-abi` and `no-entrypoint`
   = note: using a cfg inside a macro will use the cfgs from the destination crate and not the ones from the defining crate
   = help: try referring to `$crate::custom_panic_default` crate for guidance on how handle this unexpected cfg
   = help: the macro `$crate::custom_panic_default` may come from an old version of the `solana_program_entrypoint` crate, try updating your dependency with `cargo update -p solana_program_entrypoint`
   = note: see <https://doc.rust-lang.org/nightly/rustc/check-cfg/cargo-specifics.html> for more information about checking conditional configuration
   = note: this warning originates in the macro `$crate::custom_panic_default` which comes from the expansion of the macro `solana_program_entrypoint::entrypoint` (in Nightly builds, run with -Z macro-backtrace for more info)

warning: `spl-stake-pool` (lib) generated 2 warnings
    Finished `release` profile [optimized] target(s) in 8.76s
